abo
abon
aboa
abossa
abosta
aboon
abolla
abolta
abolle
abona
aboksi
abotta
abot
abojen
aboja
aboissa
aboista
aboihin
aboilla
aboilta
aboille
aboina
aboiksi
aboitta
aboin
aro
aron
aroa
arossa
arosta
aroon
arolla
arolta
arolle
arona
aroksi
arotta
arot
arojen
aroja
aroissa
aroista
aroihin
aroilla
aroilta
aroille
aroina
aroiksi
aroitta
aroin
asu
asun
asua
asussa
asusta
asuun
asulla
asulta
asulle
asuna
asuksi
asutta
asut
asujen
asuja
asuissa
asuista
asuihin
asuilla
asuilta
asuille
asuina
asuiksi
asuitta
asuin
ukko
ukon
ukkoa
ukossa
ukosta
ukkoon
ukolla
ukolta
ukolle
ukkona
ukoksi
ukotta
ukot
ukkojen
ukkoja
ukoissa
ukoista
ukkoihin
ukoilla
ukoilta
ukoille
ukkoina
ukoiksi
ukoitta
ukoin
hippu
hipun
hippua
hipussa
hipusta
hippuun
hipulla
hipulta
hipulle
hippuna
hipuksi
hiputta
hiput
hippujen
hippuja
hipuissa
hipuista
hippuihin
hipuilla
hipuilta
hipuille
hippuina
hipuiksi
hipuitta
hipuin
otto
oton
ottoa
otossa
otosta
ottoon
otolla
otolta
otolle
ottona
otoksi
ototta
otot
ottojen
ottoja
otoissa
otoista
ottoihin
otoilla
otoilta
otoille
ottoina
otoiksi
otoitta
otoin
hiomo
hiomon
hiomoa
hiomossa
hiomosta
hiomoon
hiomolla
hiomolta
hiomolle
hiomona
hiomoksi
hiomotta
hiomot
hiomoiden
hiomoitten
hiomojen
hiomoita
hiomoja
hiomoissa
hiomoista
hiomoihin
hiomoilla
hiomoilta
hiomoille
hiomoina
hiomoiksi
hiomoitta
hiomoin
imago
imagon
imagoa
imagossa
imagosta
imagoon
imagolla
imagolta
imagolle
imagona
imagoksi
imagotta
imagot
imagoiden
imagoitten
imagojen
imagoita
imagoja
imagoissa
imagoista
imagoihin
imagoilla
imagoilta
imagoille
imagoina
imagoiksi
imagoitta
imagoin
origo
origon
origoa
origossa
origosta
origoon
origolla
origolta
origolle
origona
origoksi
origotta
origot
origoiden
origoitten
origojen
origoita
origoja
origoissa
origoista
origoihin
origoilla
origoilta
origoille
origoina
origoiksi
origoitta
origoin
avio
avion
aviota
aviossa
aviosta
avioon
aviolla
aviolta
aviolle
aviona
avioksi
aviotta
aviot
avioiden
avioitten
avioita
avioissa
avioista
avioihin
avioilla
avioilta
avioille
avioina
avioiksi
avioitta
avioin
emiö
emiön
emiötä
emiössä
emiöstä
emiöön
emiöllä
emiöltä
emiölle
emiönä
emiöksi
emiöttä
emiöt
emiöiden
emiöitten
emiöitä
emiöissä
emiöistä
emiöihin
emiöillä
emiöiltä
emiöille
emiöinä
emiöiksi
emiöittä
emiöin
itiö
itiön
itiötä
itiössä
itiöstä
itiöön
itiöllä
itiöltä
itiölle
itiönä
itiöksi
itiöttä
itiöt
itiöiden
itiöitten
itiöitä
itiöissä
itiöistä
itiöihin
itiöillä
itiöiltä
itiöille
itiöinä
itiöiksi
itiöittä
itiöin
elikko
elikon
elikkoa
elikossa
elikosta
elikkoon
elikolla
elikolta
elikolle
elikkona
elikoksi
elikotta
elikot
elikkojen
elikoiden
elikoitten
elikkoja
elikoita
elikoissa
elikoista
elikkoihin
elikoihin
elikoilla
elikoilta
elikoille
elikkoina
elikoina
elikoiksi
elikoitta
elikoin
erakko
erakon
erakkoa
erakossa
erakosta
erakkoon
erakolla
erakolta
erakolle
erakkona
erakoksi
erakotta
erakot
erakkojen
erakoiden
erakoitten
erakkoja
erakoita
erakoissa
erakoista
erakkoihin
erakoihin
erakoilla
erakoilta
erakoille
erakkoina
erakoina
erakoiksi
erakoitta
erakoin
esikko
esikon
esikkoa
esikossa
esikosta
esikkoon
esikolla
esikolta
esikolle
esikkona
esikoksi
esikotta
esikot
esikkojen
esikoiden
esikoitten
esikkoja
esikoita
esikoissa
esikoista
esikkoihin
esikoihin
esikoilla
esikoilta
esikoille
esikkoina
esikoina
esikoiksi
esikoitta
esikoin
cup
cupin
cupia
cupissa
cupista
cupiin
cupilla
cupilta
cupille
cupina
cupiksi
cupitta
cupit
cupien
cupeja
cupeissa
cupeista
cupeihin
cupeilla
cupeilta
cupeille
cupeina
cupeiksi
cupeitta
cupein
fan
fanin
fania
fanissa
fanista
faniin
fanilla
fanilta
fanille
fanina
faniksi
fanitta
fanit
fanien
faneja
faneissa
faneista
faneihin
faneilla
faneilta
faneille
faneina
faneiksi
faneitta
fanein
lux
luxin
luxia
luxissa
luxista
luxiin
luxilla
luxilta
luxille
luxina
luxiksi
luxitta
luxit
luxien
luxeja
luxeissa
luxeista
luxeihin
luxeilla
luxeilta
luxeille
luxeina
luxeiksi
luxeitta
luxein
häkki
häkin
häkkiä
häkissä
häkistä
häkkiin
häkillä
häkiltä
häkille
häkkinä
häkiksi
häkittä
häkit
häkkien
häkkejä
häkeissä
häkeistä
häkkeihin
häkeillä
häkeiltä
häkeille
häkkeinä
häkeiksi
häkeittä
häkein
pop
popin
popia
popissa
popista
popiin
popilla
popilta
popille
popina
popiksi
popitta
popit
popien
popeja
popeissa
popeista
popeihin
popeilla
popeilta
popeille
popeina
popeiksi
popeitta
popein
bitti
bitin
bittiä
bitissä
bitistä
bittiin
bitillä
bitiltä
bitille
bittinä
bitiksi
bitittä
bitit
bittien
bittejä
biteissä
biteistä
bitteihin
biteillä
biteiltä
biteille
bitteinä
biteiksi
biteittä
bitein
agar
agarin
agaria
agarissa
agarista
agariin
agarilla
agarilta
agarille
agarina
agariksi
agaritta
agarit
agarien
agareiden
agareitten
agareita
agareja
agareissa
agareista
agareihin
agareilla
agareilta
agareille
agareina
agareiksi
agareitta
agarein
edam
edamin
edamia
edamissa
edamista
edamiin
edamilla
edamilta
edamille
edamina
edamiksi
edamitta
edamit
edamien
edameiden
edameitten
edameita
edameja
edameissa
edameista
edameihin
edameilla
edameilta
edameille
edameina
edameiksi
edameitta
edamein
atomi
atomin
atomia
atomissa
atomista
atomiin
atomilla
atomilta
atomille
atomina
atomiksi
atomitta
atomit
atomien
atomeiden
atomeitten
atomeita
atomeja
atomeissa
atomeista
atomeihin
atomeilla
atomeilta
atomeille
atomeina
atomeiksi
atomeitta
atomein
ovi
oven
ovea
ovessa
ovesta
oveen
ovella
ovelta
ovelle
ovena
oveksi
ovetta
ovet
ovien
ovia
ovissa
ovista
oviin
ovilla
ovilta
oville
ovina
oviksi
ovitta
ovin
kivi
kiven
kiveä
kivessä
kivestä
kiveen
kivellä
kiveltä
kivelle
kivenä
kiveksi
kivettä
kivet
kivien
kiviä
kivissä
kivistä
kiviin
kivillä
kiviltä
kiville
kivinä
kiviksi
kivittä
kivin
kymi
kymen
kymeä
kymessä
kymestä
kymeen
kymellä
kymeltä
kymelle
kymenä
kymeksi
kymettä
kymet
kymien
kymiä
kymissä
kymistä
kymiin
kymillä
kymiltä
kymille
kyminä
kymiksi
kymittä
kymin
appi
apen
appea
apessa
apesta
appeen
apella
apelta
apelle
appena
apeksi
apetta
apet
appien
appia
apissa
apista
appiin
apilla
apilta
apille
appina
apiksi
apitta
apin
hiki
hien
hikeä
hiessä
hiestä
hikeen
hiellä
hieltä
hielle
hikenä
hieksi
hiettä
hiet
hikien
hikiä
hiissä
hiistä
hikiin
hiillä
hiiltä
hiille
hikinä
hiiksi
hiittä
hiin
byte
byten
byteä
bytessä
bytestä
byteen
bytellä
byteltä
bytelle
bytenä
byteksi
bytettä
bytet
bytein
bytejen
bytejä
byteissä
byteistä
byteihin
byteillä
byteiltä
byteille
byteinä
byteiksi
byteittä
bytein
jade
jaden
jadea
jadessa
jadesta
jadeen
jadella
jadelta
jadelle
jadena
jadeksi
jadetta
jadet
jadein
jadejen
jadeja
jadeissa
jadeista
jadeihin
jadeilla
jadeilta
jadeille
jadeina
jadeiksi
jadeitta
jadein
jive
jiven
jiveä
jivessä
jivestä
jiveen
jivellä
jiveltä
jivelle
jivenä
jiveksi
jivettä
jivet
jivein
jivejen
jivejä
jiveissä
jiveistä
jiveihin
jiveillä
jiveiltä
jiveille
jiveinä
jiveiksi
jiveittä
jivein
nukke
nuken
nukkea
nukessa
nukesta
nukkeen
nukella
nukelta
nukelle
nukkena
nukeksi
nuketta
nuket
nukkein
nukkejen
nukkeja
nukeissa
nukeista
nukkeihin
nukeilla
nukeilta
nukeille
nukkeina
nukeiksi
nukeitta
nukein
jeppe
jepen
jeppeä
jepessä
jepestä
jeppeen
jepellä
jepeltä
jepelle
jeppenä
jepeksi
jepettä
jepet
jeppein
jeppejen
jeppejä
jepeissä
jepeistä
jeppeihin
jepeillä
jepeiltä
jepeille
jeppeinä
jepeiksi
jepeittä
jepein
bourette
bouretten
bourettea
bourettessa
bourettesta
bouretteen
bourettella
bourettelta
bourettelle
bourettena
bouretteksi
bourettetta
bourettet
bourettein
bourettejen
bouretteja
bouretteissa
bouretteista
bouretteihin
bouretteilla
bouretteilta
bouretteille
bouretteina
bouretteiksi
bouretteitta
bourettein
iva
ivan
ivaa
ivassa
ivasta
ivaan
ivalla
ivalta
ivalle
ivana
ivaksi
ivatta
ivat
ivain
ivojen
ivoja
ivoissa
ivoista
ivoihin
ivoilla
ivoilta
ivoille
ivoina
ivoiksi
ivoitta
ivoin
ankka
ankan
ankkaa
ankassa
ankasta
ankkaan
ankalla
ankalta
ankalle
ankkana
ankaksi
ankatta
ankat
ankkain
ankkojen
ankkoja
ankoissa
ankoista
ankkoihin
ankoilla
ankoilta
ankoille
ankkoina
ankoiksi
ankoitta
ankoin
hippain
hippojen
hippoja
hipoissa
hipoista
hippoihin
hipoilla
hipoilta
hipoille
hippoina
hipoiksi
hipoitta
hipoin
aitta
aitan
aittaa
aitassa
aitasta
aittaan
aitalla
aitalta
aitalle
aittana
aitaksi
aitatta
aitat
aittain
aittojen
aittoja
aitoissa
aitoista
aittoihin
aitoilla
aitoilta
aitoille
aittoina
aitoiksi
aitoitta
aitoin
boa
boan
boaa
boassa
boasta
boaan
boalla
boalta
boalle
boana
boaksi
boatta
boat
boien
boain
boia
boissa
boista
boiin
boilla
boilta
boille
boina
boiksi
boitta
boin
erä
erän
erää
erässä
erästä
erään
erällä
erältä
erälle
eränä
eräksi
erättä
erät
erien
eräin
eriä
erissä
eristä
eriin
erillä
eriltä
erille
erinä
eriksi
erittä
erin
evä
evän
evää
evässä
evästä
evään
evällä
evältä
evälle
evänä
eväksi
evättä
evät
evien
eväin
eviä
evissä
evistä
eviin
evillä
eviltä
eville
evinä
eviksi
evittä
evin
fokka
fokan
fokkaa
fokassa
fokasta
fokkaan
fokalla
fokalta
fokalle
fokkana
fokaksi
fokatta
fokat
fokkien
fokkain
fokkia
fokissa
fokista
fokkiin
fokilla
fokilta
fokille
fokkina
fokiksi
fokitta
fokin
häppä
häpän
häppää
häpässä
häpästä
häppään
häpällä
häpältä
häpälle
häppänä
häpäksi
häpättä
häpät
häppien
häppäin
häppiä
häpissä
häpistä
häppiin
häpillä
häpiltä
häpille
häppinä
häpiksi
häpittä
häpin
lotta
lotan
lottaa
lotassa
lotasta
lottaan
lotalla
lotalta
lotalle
lottana
lotaksi
lotatta
lotat
lottien
lottain
lottia
lotissa
lotista
lottiin
lotilla
lotilta
lotille
lottina
lotiksi
lotitta
lotin
omena
omenan
omenaa
omenassa
omenasta
omenaan
omenalla
omenalta
omenalle
omenana
omenaksi
omenatta
omenat
omenien
omenain
omenoiden
omenoitten
omenojen
omenia
omenoita
omenoja
omenissa
omenoissa
omenista
omenoista
omeniin
omenoihin
omenilla
omenoilla
omenilta
omenoilta
omenille
omenoille
omenina
omenoina
omeniksi
omenoiksi
omenitta
omenoitta
omenin
omenoin
hekuma
hekuman
hekumaa
hekumassa
hekumasta
hekumaan
hekumalla
hekumalta
hekumalle
hekumana
hekumaksi
hekumatta
hekumat
hekumien
hekumain
hekumoiden
hekumoitten
hekumojen
hekumia
hekumoita
hekumoja
hekumissa
hekumoissa
hekumista
hekumoista
hekumiin
hekumoihin
hekumilla
hekumoilla
hekumilta
hekumoilta
hekumille
hekumoille
hekumina
hekumoina
hekumiksi
hekumoiksi
hekumitta
hekumoitta
hekumin
hekumoin
urea
urean
ureaa
ureassa
ureasta
ureaan
urealla
urealta
urealle
ureana
ureaksi
ureatta
ureat
ureain
ureoiden
ureoitten
ureoita
ureoissa
ureoista
ureoihin
ureoilla
ureoilta
ureoille
ureoina
ureoiksi
ureoitta
ureoin
aaria
aarian
aariaa
aariassa
aariasta
aariaan
aarialla
aarialta
aarialle
aariana
aariaksi
aariatta
aariat
aariain
aarioiden
aarioitten
aarioita
aarioissa
aarioista
aarioihin
aarioilla
aarioilta
aarioille
aarioina
aarioiksi
aarioitta
aarioin
akana
akanan
akanaa
akanassa
akanasta
akanaan
akanalla
akanalta
akanalle
akanana
akanaksi
akanatta
akanat
akanain
akanoiden
akanoitten
akanoita
akanoissa
akanoista
akanoihin
akanoilla
akanoilta
akanoille
akanoina
akanoiksi
akanoitta
akanoin
aluna
alunan
alunaa
alunassa
alunasta
alunaan
alunalla
alunalta
alunalle
alunana
alunaksi
alunatta
alunat
alunain
alunoiden
alunoitten
alunojen
alunoita
alunoja
alunoissa
alunoista
alunoihin
alunoilla
alunoilta
alunoille
alunoina
alunoiksi
alunoitta
alunoin
arina
arinan
arinaa
arinassa
arinasta
arinaan
arinalla
arinalta
arinalle
arinana
arinaksi
arinatta
arinat
arinain
arinoiden
arinoitten
arinojen
arinoita
arinoja
arinoissa
arinoista
arinoihin
arinoilla
arinoilta
arinoille
arinoina
arinoiksi
arinoitta
arinoin
media
median
mediaa
mediassa
mediasta
mediaan
medialla
medialta
medialle
mediana
mediaksi
mediatta
mediat
mediain
medioiden
medioitten
mediojen
medioita
medioja
medioissa
medioista
medioihin
medioilla
medioilta
medioille
medioina
medioiksi
medioitta
medioin
urakka
urakan
urakkaa
urakassa
urakasta
urakkaan
urakalla
urakalta
urakalle
urakkana
urakaksi
urakatta
urakat
urakkain
urakkojen
urakoiden
urakoitten
urakkoja
urakoita
urakoissa
urakoista
urakkoihin
urakoihin
urakoilla
urakoilta
urakoille
urakkoina
urakoina
urakoiksi
urakoitta
urakoin
äläkkä
äläkän
äläkkää
äläkässä
äläkästä
äläkkään
äläkällä
äläkältä
äläkälle
äläkkänä
äläkäksi
äläkättä
äläkät
äläkkäin
äläkköjen
äläköiden
äläköitten
äläkköjä
äläköitä
äläköissä
äläköistä
äläkköihin
äläköihin
äläköillä
äläköiltä
äläköille
äläkköinä
äläköinä
äläköiksi
äläköittä
äläköin
ötökkä
ötökän
ötökkää
ötökässä
ötökästä
ötökkään
ötökällä
ötökältä
ötökälle
ötökkänä
ötökäksi
ötökättä
ötökät
ötökkäin
ötökköjen
ötököiden
ötököitten
ötökköjä
ötököitä
ötököissä
ötököistä
ötökköihin
ötököihin
ötököillä
ötököiltä
ötököille
ötökköinä
ötököinä
ötököiksi
ötököittä
ötököin
ulappa
ulapan
ulappaa
ulapassa
ulapasta
ulappaan
ulapalla
ulapalta
ulapalle
ulappana
ulapaksi
ulapatta
ulapat
ulapoiden
ulapoitten
ulappain
ulappojen
ulapoita
ulappoja
ulapoissa
ulapoista
ulapoihin
ulappoihin
ulapoilla
ulapoilta
ulapoille
ulapoina
ulappoina
ulapoiksi
ulapoitta
ulapoin
pohatta
pohatan
pohattaa
pohatassa
pohatasta
pohattaan
pohatalla
pohatalta
pohatalle
pohattana
pohataksi
pohatatta
pohatat
pohatoiden
pohatoitten
pohattain
pohattojen
pohatoita
pohattoja
pohatoissa
pohatoista
pohatoihin
pohattoihin
pohatoilla
pohatoilta
pohatoille
pohatoina
pohattoina
pohatoiksi
pohatoitta
pohatoin
keruu
keruun
keruuta
keruussa
keruusta
keruuseen
keruulla
keruulta
keruulle
keruuna
keruuksi
keruutta
keruut
keruiden
keruitten
keruita
keruissa
keruista
keruihin
keruisiin
keruilla
keruilta
keruille
keruina
keruiksi
keruitta
keruin
riiuu
riiuun
riiuuta
riiuussa
riiuusta
riiuuseen
riiuulla
riiuulta
riiuulle
riiuuna
riiuuksi
riiuutta
riiuut
riiuiden
riiuitten
riiuita
riiuissa
riiuista
riiuihin
riiuisiin
riiuilla
riiuilta
riiuille
riiuina
riiuiksi
riiuitta
riiuin
sahuu
sahuun
sahuuta
sahuussa
sahuusta
sahuuseen
sahuulla
sahuulta
sahuulle
sahuuna
sahuuksi
sahuutta
sahuut
sahuiden
sahuitten
sahuita
sahuissa
sahuista
sahuihin
sahuisiin
sahuilla
sahuilta
sahuille
sahuina
sahuiksi
sahuitta
sahuin
jää
jään
jäätä
jäässä
jäästä
jäähän
jäällä
jäältä
jäälle
jäänä
jääksi
jäättä
jäät
jäiden
jäitten
jäitä
jäissä
jäistä
jäihin
jäillä
jäiltä
jäille
jäinä
jäiksi
jäittä
jäin
koi
koin
koita
koissa
koista
koihin
koilla
koilta
koille
koina
koiksi
koitta
koit
koiden
koitten
koita
koissa
koista
koihin
koilla
koilta
koille
koina
koiksi
koitta
koin
kuu
kuun
kuuta
kuussa
kuusta
kuuhun
kuulla
kuulta
kuulle
kuuna
kuuksi
kuutta
kuut
kuiden
kuitten
kuita
kuissa
kuista
kuihin
kuilla
kuilta
kuille
kuina
kuiksi
kuitta
kuin
suo
suon
suota
suossa
suosta
suohon
suolla
suolta
suolle
suona
suoksi
suotta
suot
soiden
soitten
soita
soissa
soista
soihin
soilla
soilta
soille
soina
soiksi
soitta
soin
työ
työn
työtä
työssä
työstä
työhön
työllä
työltä
työlle
työnä
työksi
työttä
työt
töiden
töitten
töitä
töissä
töistä
töihin
töillä
töiltä
töille
töinä
töiksi
töittä
töin
yö
yön
yötä
yössä
yöstä
yöhön
yöllä
yöltä
yölle
yönä
yöksi
yöttä
yöt
öiden
öitten
öitä
öissä
öistä
öihin
öillä
öiltä
öille
öinä
öiksi
öittä
öin
bukee
bukeen
bukeeta
bukeessa
bukeesta
bukeehen
bukeeseen
bukeella
bukeelta
bukeelle
bukeena
bukeeksi
bukeetta
bukeet
bukeiden
bukeitten
bukeita
bukeissa
bukeista
bukeihin
bukeisiin
bukeilla
bukeilta
bukeille
bukeina
bukeiksi
bukeitta
bukein
essee
esseen
esseetä
esseessä
esseestä
esseehen
esseeseen
esseellä
esseeltä
esseelle
esseenä
esseeksi
esseettä
esseet
esseiden
esseitten
esseitä
esseissä
esseistä
esseihin
esseisiin
esseillä
esseiltä
esseille
esseinä
esseiksi
esseittä
essein
kamee
kameen
kameeta
kameessa
kameesta
kameehen
kameeseen
kameella
kameelta
kameelle
kameena
kameeksi
kameetta
kameet
kameiden
kameitten
kameita
kameissa
kameista
kameihin
kameisiin
kameilla
kameilta
kameille
kameina
kameiksi
kameitta
kamein
gay
gayn
gaya
gayta
gaytä
gayssa
gayssä
gaysta
gaystä
gayhin
gayhyn
gaylla
gayllä
gaylta
gayltä
gaylle
gayna
gaynä
gayksi
gaytta
gayttä
gayt
gayiden
gayitten
gayjen
gayita
gayitä
gayissa
gayissä
gayista
gayistä
gayihin
gayilla
gayillä
gayilta
gayiltä
gayille
gayina
gayinä
gayiksi
gayitta
gayittä
gayin
bébé
bébén
bébétä
bébéssä
bébéstä
bébéhen
bébéseen
bébéllä
bébéltä
bébélle
bébénä
bébéksi
bébéttä
bébét
bébéiden
bébéitten
bébéitä
bébéissä
bébéistä
bébéihin
bébéisiin
bébéillä
bébéiltä
bébéille
bébéinä
bébéiksi
bébéittä
bébéin
menu
menun
menua
menussa
menusta
menuun
menulla
menulta
menulle
menuna
menuksi
menutta
menut
menujen
menuja
menuissa
menuista
menuihin
menuilla
menuilta
menuille
menuina
menuiksi
menuitta
menuin
buffet
buffet'n
buffet'tä
buffet'ssä
buffet'stä
buffet'hen
buffet'llä
buffet'ltä
buffet'lle
buffet'nä
buffet'ksi
buffet'ttä
buffet't
buffet'iden
buffet'itä
buffet'issä
buffet'istä
buffet'ihin
buffet'illä
buffet'iltä
buffet'ille
buffet'inä
buffet'iksi
buffet'ittä
buffet'in
beignet
beignet'n
beignet'tä
beignet'ssä
beignet'stä
beignet'hen
beignet'llä
beignet'ltä
beignet'lle
beignet'nä
beignet'ksi
beignet'ttä
beignet't
beignet'iden
beignet'itä
beignet'issä
beignet'istä
beignet'ihin
beignet'illä
beignet'iltä
beignet'ille
beignet'inä
beignet'iksi
beignet'ittä
beignet'in
lohi
lohen
lohta
lohessa
lohesta
loheen
lohella
lohelta
lohelle
lohena
loheksi
lohetta
lohet
lohien
lohia
lohissa
lohista
lohiin
lohilla
lohilta
lohille
lohina
lohiksi
lohitta
lohin
uuhi
uuhen
uuhta
uuhessa
uuhesta
uuheen
uuhella
uuhelta
uuhelle
uuhena
uuheksi
uuhetta
uuhet
uuhien
uuhia
uuhissa
uuhista
uuhiin
uuhilla
uuhilta
uuhille
uuhina
uuhiksi
uuhitta
uuhin
uni
unen
unta
unessa
unesta
uneen
unella
unelta
unelle
unena
uneksi
unetta
unet
unien
unten
unia
unissa
unista
uniin
unilla
unilta
unille
unina
uniksi
unitta
unin
kusi
kusen
kusta
kusessa
kusesta
kuseen
kusella
kuselta
kuselle
kusena
kuseksi
kusetta
kuset
kusien
kusten
kusia
kusissa
kusista
kusiin
kusilla
kusilta
kusille
kusina
kusiksi
kusitta
kusin
meri
meren
merta
meressä
merestä
mereen
merellä
mereltä
merelle
merenä
mereksi
merettä
meret
merien
merten
meriä
merissä
meristä
meriin
merillä
meriltä
merille
merinä
meriksi
merittä
merin
liemi
liemen
liemeä
lientä
liemessä
liemestä
liemeen
liemellä
liemeltä
liemelle
liemenä
liemeksi
liemettä
liemet
liemien
lienten
liemiä
liemissä
liemistä
liemiin
liemillä
liemiltä
liemille
lieminä
liemiksi
liemittä
liemin
niemi
niemen
niemeä
nientä
niemessä
niemestä
niemeen
niemellä
niemeltä
niemelle
niemenä
niemeksi
niemettä
niemet
niemien
nienten
niemiä
niemissä
niemistä
niemiin
niemillä
niemiltä
niemille
nieminä
niemiksi
niemittä
niemin
lumi
lumen
lumea
lunta
lumessa
lumesta
lumeen
lumella
lumelta
lumelle
lumena
lumeksi
lumetta
lumet
lumien
lunten
lumia
lumissa
lumista
lumiin
lumilla
lumilta
lumille
lumina
lumiksi
lumitta
lumin
veri
veren
verta
veressä
verestä
vereen
verellä
vereltä
verelle
verenä
vereksi
verettä
veret
verien
veriä
vereissä
vereistä
veriin
vereillä
vereiltä
vereille
vereinä
vereiksi
vereittä
verein
huoli
huolen
huolta
huolessa
huolesta
huoleen
huolella
huolelta
huolelle
huolena
huoleksi
huoletta
huolet
huolien
huolten
huolia
huolissa
huolista
huoliin
huolilla
huolilta
huolille
huolina
huoliksi
huolitta
huolin
jousi
jousen
jousta
jousessa
jousesta
jouseen
jousella
jouselta
jouselle
jousena
jouseksi
jousetta
jouset
jousien
jousten
jousia
jousissa
jousista
jousiin
jousilla
jousilta
jousille
jousina
jousiksi
jousitta
jousin
mesi
meden
mettä
medessä
medestä
meteen
medellä
medeltä
medelle
metenä
medeksi
medettä
medet
mesien
metten
mesiä
mesissä
mesistä
mesiin
mesillä
mesiltä
mesille
mesinä
mesiksi
mesittä
mesin
susi
suden
sutta
sudessa
sudesta
suteen
sudella
sudelta
sudelle
sunna
sutena
sudeksi
sudetta
sudet
susien
sutten
susia
susissa
susista
susiin
susilla
susilta
susille
susina
susiksi
susitta
susin
sysi
syden
syttä
sydessä
sydestä
syteen
sydellä
sydeltä
sydelle
sytenä
sydeksi
sydettä
sydet
sysien
sytten
sysiä
sysissä
sysistä
sysiin
sysillä
sysiltä
sysille
sysinä
sysiksi
sysittä
sysin
kansi
kannen
kantta
kannessa
kannesta
kanteen
kannella
kannelta
kannelle
kantena
kanneksi
kannetta
kannet
kansien
kantten
kansia
kansissa
kansista
kansiin
kansilla
kansilta
kansille
kansina
kansiksi
kansitta
kansin
karsi
karren
kartta
karressa
karresta
karteen
karrella
karrelta
karrelle
kartena
karreksi
karretta
karret
karsien
kartten
karsia
karsissa
karsista
karsiin
karsilla
karsilta
karsille
karsina
karsiksi
karsitta
karsin
kirsi
kirren
kirttä
kirressä
kirrestä
kirteen
kirrellä
kirreltä
kirrelle
kirtenä
kirreksi
kirrettä
kirret
kirsien
kirtten
kirsiä
kirsissä
kirsistä
kirsiin
kirsillä
kirsiltä
kirsille
kirsinä
kirsiksi
kirsittä
kirsin
jälsi
jällen
jälttä
jällessä
jällestä
jälteen
jällellä
jälleltä
jällelle
jältenä
jälleksi
jällettä
jället
jälsien
jältten
jälsiä
jälsissä
jälsistä
jälsiin
jälsillä
jälsiltä
jälsille
jälsinä
jälsiksi
jälsittä
jälsin
lapsi
lapsen
lasta
lapsessa
lapsesta
lapseen
lapsella
lapselta
lapselle
lapsena
lapseksi
lapsetta
lapset
lapsien
lasten
lapsia
lapsissa
lapsista
lapsiin
lapsilla
lapsilta
lapsille
lapsina
lapsiksi
lapsitta
lapsin
peitsi
peitsi
peitsen
peitsin
peistä
peitsiä
peitsessä
peitsissä
peitsestä
peitsistä
peitseen
peitsiin
peitsellä
peitsillä
peitseltä
peitsiltä
peitselle
peitsille
peitsenä
peitsinä
peitseksi
peitsiksi
peitsettä
peitsittä
peitset
peitsit
peisten
peitsien
peitsien
peitsiä
peitsejä
peitsissä
peitseissä
peitsistä
peitseistä
peitsiin
peitseihin
peitsillä
peitseillä
peitsiltä
peitseiltä
peitsille
peitseille
peitsinä
peitseinä
peitsiksi
peitseiksi
peitsittä
peitseittä
peitsin
peitsein
veitsi
veitsen
veistä
veitsessä
veitsestä
veitseen
veitsellä
veitseltä
veitselle
veitsenä
veitseksi
veitsettä
veitset
veisten
veitsien
veitsiä
veitsissä
veitsistä
veitsiin
veitsillä
veitsiltä
veitsille
veitsinä
veitsiksi
veitsittä
veitsin
haaksi
haahden
haahta
haahdessa
haahdesta
haahteen
haahdella
haahdelta
haahdelle
haahtena
haahdeksi
haahdetta
haahdet
haaksien
haaksia
haaksissa
haaksista
haaksiin
haaksilla
haaksilta
haaksille
haaksina
haaksiksi
haaksitta
haaksin
aamen
aamenen
aamenta
aamenessa
aamenesta
aameneen
aamenella
aamenelta
aamenelle
aamenena
aameneksi
aamenetta
aamenet
aamenien
aamenten
aamenia
aamenissa
aamenista
aameniin
aamenilla
aamenilta
aamenille
aamenina
aameniksi
aamenitta
aamenin
ahven
ahvenen
ahventa
ahvenessa
ahvenesta
ahveneen
ahvenella
ahvenelta
ahvenelle
ahvenena
ahveneksi
ahvenetta
ahvenet
ahvenien
ahventen
ahvenia
ahvenissa
ahvenista
ahveniin
ahvenilla
ahvenilta
ahvenille
ahvenina
ahveniksi
ahvenitta
ahvenin
hiven
hivenen
hiventä
hivenessä
hivenestä
hiveneen
hivenellä
hiveneltä
hivenelle
hivenenä
hiveneksi
hivenettä
hivenet
hivenien
hiventen
hiveniä
hivenissä
hivenistä
hiveniin
hivenillä
hiveniltä
hivenille
hiveninä
hiveniksi
hivenittä
hivenin
tytär
tyttären
tytärtä
tyttäressä
tyttärestä
tyttäreen
tyttärellä
tyttäreltä
tyttärelle
tyttärenä
tyttäreksi
tyttärettä
tyttäret
tytärien
tytärten
tytäriä
tyttärissä
tyttäristä
tytäriin
tyttärillä
tyttäriltä
tyttärille
tyttärinä
tyttäriksi
tyttärittä
tyttärin
ien
ikenen
ientä
ikenessä
ikenestä
ikeneen
ikenellä
ikeneltä
ikenelle
ikenenä
ikeneksi
ikenettä
ikenet
ienten
ikenien
ikeniä
ikenissä
ikenistä
ikeniin
ikenillä
ikeniltä
ikenille
ikeninä
ikeniksi
ikenittä
ikenin
astin
astimen
astinta
astimessa
astimesta
astimeen
astimella
astimelta
astimelle
astimena
astimeksi
astimetta
astimet
astimien
astinten
astimia
astimissa
astimista
astimiin
astimilla
astimilta
astimille
astimina
astimiksi
astimitta
astimin
avain
avaimen
avainta
avaimessa
avaimesta
avaimeen
avaimella
avaimelta
avaimelle
avaimena
avaimeksi
avaimetta
avaimet
avaimien
avainten
avaimia
avaimissa
avaimista
avaimiin
avaimilla
avaimilta
avaimille
avaimina
avaimiksi
avaimitta
avaimin
estin
estimen
estintä
estimessä
estimestä
estimeen
estimellä
estimeltä
estimelle
estimenä
estimeksi
estimettä
estimet
estimien
estinten
estimiä
estimissä
estimistä
estimiin
estimillä
estimiltä
estimille
estiminä
estimiksi
estimittä
estimin
asetin
asettimen
asetinta
asettimessa
asettimesta
asettimeen
asettimella
asettimelta
asettimelle
asettimena
asettimeksi
asettimetta
asettimet
asetinten
asettimien
asettimia
asettimissa
asettimista
asettimiin
asettimilla
asettimilta
asettimille
asettimina
asettimiksi
asettimitta
asettimin
puin
pukimen
puinta
pukimessa
pukimesta
pukimeen
pukimella
pukimelta
pukimelle
pukimena
pukimeksi
pukimetta
pukimet
puinten
pukimien
pukimia
pukimissa
pukimista
pukimiin
pukimilla
pukimilta
pukimille
pukimina
pukimiksi
pukimitta
pukimin
raavin
raapimen
raavinta
raapimessa
raapimesta
raapimeen
raapimella
raapimelta
raapimelle
raapimena
raapimeksi
raapimetta
raapimet
raapimien
raavinten
raapimia
raapimissa
raapimista
raapimiin
raapimilla
raapimilta
raapimille
raapimina
raapimiksi
raapimitta
raapimin
hapan
happaman
happamen
hapanta
happamaa
happamassa
happamessa
happamasta
happamesta
happamaan
happameen
happamalla
happamella
happamalta
happamelta
happamalle
happamelle
happamana
happamena
happamaksi
happameksi
happamatta
happametta
happamat
happamet
hapanten
happamien
happamia
happamissa
happamista
happamiin
happamilla
happamilta
happamille
happamina
happamiksi
happamitta
happamin
vasen
vasemman
vasempaa
vasenta
vasemmassa
vasemmasta
vasempaan
vasemmalla
vasemmalta
vasemmalle
vasempana
vasemmaksi
vasemmatta
vasemmat
vasempien
vasempain
vasenten
vasempia
vasemmissa
vasemmista
vasempiin
vasemmilla
vasemmilta
vasemmille
vasempina
vasemmiksi
vasemmitta
vasemmin
ajos
ajoksen
ajosta
ajoksessa
ajoksesta
ajokseen
ajoksella
ajokselta
ajokselle
ajoksena
ajokseksi
ajoksetta
ajokset
ajoksien
ajosten
ajoksia
ajoksissa
ajoksista
ajoksiin
ajoksilla
ajoksilta
ajoksille
ajoksina
ajoksiksi
ajoksitta
ajoksin
alus
aluksen
alusta
aluksessa
aluksesta
alukseen
aluksella
alukselta
alukselle
aluksena
alukseksi
aluksetta
alukset
aluksien
alusten
aluksia
aluksissa
aluksista
aluksiin
aluksilla
aluksilta
aluksille
aluksina
aluksiksi
aluksitta
aluksin
anis
aniksen
anista
aniksessa
aniksesta
anikseen
aniksella
anikselta
anikselle
aniksena
anikseksi
aniksetta
anikset
aniksien
anisten
aniksia
aniksissa
aniksista
aniksiin
aniksilla
aniksilta
aniksille
aniksina
aniksiksi
aniksitta
aniksin
etuus
etuuden
etuutta
etuudessa
etuudesta
etuuteen
etuudella
etuudelta
etuudelle
etuutena
etuudeksi
etuudetta
etuudet
etuuksien
etuuksia
etuuksissa
etuuksista
etuuksiin
etuuksilla
etuuksilta
etuuksille
etuuksina
etuuksiksi
etuuksitta
etuuksin
isyys
isyyden
isyyttä
isyydessä
isyydestä
isyyteen
isyydellä
isyydeltä
isyydelle
isyytenä
isyydeksi
isyydettä
isyydet
isyyksien
isyyksiä
isyyksissä
isyyksistä
isyyksiin
isyyksillä
isyyksiltä
isyyksille
isyyksinä
isyyksiksi
isyyksittä
isyyksin
ujous
ujouden
ujoutta
ujoudessa
ujoudesta
ujouteen
ujoudella
ujoudelta
ujoudelle
ujoutena
ujoudeksi
ujoudetta
ujoudet
ujouksien
ujouksia
ujouksissa
ujouksista
ujouksiin
ujouksilla
ujouksilta
ujouksille
ujouksina
ujouksiksi
ujouksitta
ujouksin
oras
oraan
orasta
oraassa
oraasta
oraaseen
oraalla
oraalta
oraalle
oraana
oraaksi
oraatta
oraat
oraiden
oraitten
oraita
oraissa
oraista
oraihin
oraisiin
orailla
orailta
oraille
oraina
oraiksi
oraitta
orain
rakas
rakkaan
rakasta
rakkaassa
rakkaasta
rakkaaseen
rakkaalla
rakkaalta
rakkaalle
rakkaana
rakkaaksi
rakkaatta
rakkaat
rakkaiden
rakkaitten
rakkaita
rakkaissa
rakkaista
rakkaihin
rakkaisiin
rakkailla
rakkailta
rakkaille
rakkaina
rakkaiksi
rakkaitta
rakkain
lipas
lippaan
lipasta
lippaassa
lippaasta
lippaaseen
lippaalla
lippaalta
lippaalle
lippaana
lippaaksi
lippaatta
lippaat
lippaiden
lippaitten
lippaita
lippaissa
lippaista
lippaihin
lippaisiin
lippailla
lippailta
lippaille
lippaina
lippaiksi
lippaitta
lippain
mies
miehen
miestä
miehessä
miehestä
mieheen
miehellä
mieheltä
miehelle
miehenä
mieheksi
miehettä
miehet
miehien
miesten
miehiä
miehissä
miehistä
miehiin
miehillä
miehiltä
miehille
miehinä
miehiksi
miehittä
miehin
immyt
impyen
immyttä
impyessä
impyestä
impyeen
impyellä
impyeltä
impyelle
impyenä
impyeksi
impyettä
impyet
impyiden
impyitten
impyitä
impyissä
impyistä
impyihin
impyisiin
impyillä
impyiltä
impyille
impyinä
impyiksi
impyittä
impyin
kevät
kevään
kevättä
keväässä
keväästä
kevääseen
keväällä
keväältä
keväälle
keväänä
kevääksi
keväättä
keväät
keväiden
keväitten
keväitä
keväissä
keväistä
keväihin
keväisiin
keväillä
keväiltä
keväille
keväinä
keväiksi
keväittä
keväin
venät
venään
venättä
venäässä
venäästä
venääseen
venäällä
venäältä
venäälle
venäänä
venääksi
venäättä
venäät
venäiden
venäitten
venäitä
venäissä
venäistä
venäihin
venäisiin
venäillä
venäiltä
venäille
venäinä
venäiksi
venäittä
venäin
mennyt
menneen
mennyttä
menneessä
menneestä
menneeseen
menneellä
menneeltä
menneelle
menneenä
menneeksi
menneettä
menneet
menneiden
menneitten
menneitä
menneissä
menneistä
menneihin
menneisiin
menneillä
menneiltä
menneille
menneinä
menneiksi
menneittä
mennein
kuollut
kuolleen
kuollutta
kuolleessa
kuolleesta
kuolleeseen
kuolleella
kuolleelta
kuolleelle
kuolleena
kuolleeksi
kuolleetta
kuolleet
kuolleiden
kuolleitten
kuolleita
kuolleissa
kuolleista
kuolleihin
kuolleisiin
kuolleilla
kuolleilta
kuolleille
kuolleina
kuolleiksi
kuolleitta
kuollein
ane
aneen
anetta
aneessa
aneesta
aneeseen
aneella
aneelta
aneelle
aneena
aneeksi
aneetta
aneet
aneiden
aneitten
aneita
aneissa
aneista
aneihin
aneisiin
aneilla
aneilta
aneille
aneina
aneiksi
aneitta
anein
ase
aseen
asetta
aseessa
aseesta
aseeseen
aseella
aseelta
aseelle
aseena
aseeksi
aseetta
aseet
aseiden
aseitten
aseita
aseissa
aseista
aseihin
aseisiin
aseilla
aseilta
aseille
aseina
aseiksi
aseitta
asein
ele
eleen
elettä
eleessä
eleestä
eleeseen
eleellä
eleeltä
eleelle
eleenä
eleeksi
eleettä
eleet
eleiden
eleitten
eleitä
eleissä
eleistä
eleihin
eleisiin
eleillä
eleiltä
eleille
eleinä
eleiksi
eleittä
elein
hake
hakkeen
haketta
hakkeessa
hakkeesta
hakkeeseen
hakkeella
hakkeelta
hakkeelle
hakkeena
hakkeeksi
hakkeetta
hakkeet
hakkeiden
hakkeitten
hakkeita
hakkeissa
hakkeista
hakkeihin
hakkeisiin
hakkeilla
hakkeilta
hakkeille
hakkeina
hakkeiksi
hakkeitta
hakkein
ape
appeen
apetta
appeessa
appeesta
appeeseen
appeella
appeelta
appeelle
appeena
appeeksi
appeetta
appeet
appeiden
appeitten
appeita
appeissa
appeista
appeihin
appeisiin
appeilla
appeilta
appeille
appeina
appeiksi
appeitta
appein
hete
hetteen
hetettä
hetteessä
hetteestä
hetteeseen
hetteellä
hetteeltä
hetteelle
hetteenä
hetteeksi
hetteettä
hetteet
hetteiden
hetteitten
hetteitä
hetteissä
hetteistä
hetteihin
hetteisiin
hetteillä
hetteiltä
hetteille
hetteinä
hetteiksi
hetteittä
hettein
huhmar
huhmare
huhmaren
huhmareen
huhmarta
huhmaressa
huhmareessa
huhmaresta
huhmareesta
huhmareen
huhmareeseen
huhmarella
huhmareella
huhmarelta
huhmareelta
huhmarelle
huhmareelle
huhmarena
huhmareena
huhmareksi
huhmareeksi
huhmaretta
huhmareetta
huhmaret
huhmareet
huhmarien
huhmarten
huhmareiden
huhmareitten
huhmaria
huhmareita
huhmarissa
huhmareissa
huhmarista
huhmareista
huhmariin
huhmareihin
huhmareisiin
huhmarilla
huhmareilla
huhmarilta
huhmareilta
huhmarille
huhmareille
huhmarina
huhmareina
huhmariksi
huhmareiksi
huhmaritta
huhmareitta
huhmarin
huhmarein
saivar
saivare
saivaren
saivareen
saivarta
saivaressa
saivareessa
saivaresta
saivareesta
saivareen
saivareeseen
saivarella
saivareella
saivarelta
saivareelta
saivarelle
saivareelle
saivarena
saivareena
saivareksi
saivareeksi
saivaretta
saivareetta
saivaret
saivareet
saivarien
saivarten
saivareiden
saivareitten
saivaria
saivareita
saivarissa
saivareissa
saivarista
saivareista
saivariin
saivareihin
saivareisiin
saivarilla
saivareilla
saivarilta
saivareilta
saivarille
saivareille
saivarina
saivareina
saivariksi
saivareiksi
saivaritta
saivareitta
saivarin
saivarein
sammal
sammale
sammalen
sammaleen
sammalta
sammalessa
sammaleessa
sammalesta
sammaleesta
sammaleen
sammaleeseen
sammalella
sammaleella
sammalelta
sammaleelta
sammalelle
sammaleelle
sammalena
sammaleena
sammaleksi
sammaleeksi
sammaletta
sammaleetta
sammalet
sammaleet
sammalien
sammalten
sammaleiden
sammaleitten
sammalia
sammaleita
sammalissa
sammaleissa
sammalista
sammaleista
sammaliin
sammaleihin
sammaleisiin
sammalilla
sammaleilla
sammalilta
sammaleilta
sammalille
sammaleille
sammalina
sammaleina
sammaliksi
sammaleiksi
sammalitta
sammaleitta
sammalin
sammalein
säen
säkene
säkenen
säkeneen
säentä
säkenessä
säkeneessä
säkenestä
säkeneestä
säkeneen
säkeneeseen
säkenellä
säkeneellä
säkeneltä
säkeneeltä
säkenelle
säkeneelle
säkenenä
säkeneenä
säkeneksi
säkeneeksi
säkenettä
säkeneettä
säkenet
säkeneet
säenten
säkenien
säkeneitten
säneneiden
säkeniä
säkeneitä
säkenissä
säkeneissä
säkenistä
säkeneistä
säkeniin
säkeneihin
säkeneisiin
säkenillä
säkeneillä
säkeniltä
säkeneiltä
säkenille
säkeneille
säkeninä
säkeneinä
säkeniksi
säkeneiksi
säkenittä
säkeneittä
säkenin
säkenein
taipale
taival
taipalen
taipaleen
taivalta
taipalessa
taipaleessa
taipalesta
taipaleesta
taipaleen
taipaleeseen
taipalella
taipaleella
taipalelta
taipaleelta
taipalelle
taipaleelle
taipalena
taipaleena
taipaleksi
taipaleeksi
taipaletta
taipaleetta
taipalet
taipaleet
taipalien
taipaleiden
taipaleitten
taivalten
taipalia
taipaleita
taipalissa
taipaleissa
taipalista
taipaleista
taipaleihin
taipaleisiin
taipeliin
taipalilla
taipaleilla
taipalilta
taipaleilta
taipalille
taipaleille
taipalina
taipaleina
taipaliksi
taipaleiksi
taipalitta
taipaleitta
taipalin
taipalein
udar
utare
utaren
utareen
udarta
utaressa
utareessa
utaresta
utareesta
utareen
utareeseen
utarella
utareella
utarelta
utareelta
utarelle
utareelle
utarena
utareena
utareksi
utareeksi
utaretta
utareetta
utaret
utareet
udarten
utarien
utareiden
utareitten
utaria
utareita
utarissa
utareissa
utarista
utareista
utariin
utareihin
utareisiin
utarilla
utareilla
utarilta
utareilta
utarille
utareille
utarina
utareina
utariksi
utareiksi
utaritta
utareitta
utarin
utarein
