01,o,bb,a,0,abo
01,o,k*,ku,0,ukko
01,o,pv,uk,0,kupo
01,o,t*,to,0,otto
01,o,td,ip,0,pito
01,o,tl,lem,0,melto
01,o,tn,ni,0,into
01,o,tn,nipo,0,opinto
01,o,tr,ruu,0,uurto
01,u,k*,knem,0,menkku
01,u,k*,la,0,alku
01,u,k*,ru,0,urku
01,u,kg,nih,0,hinku
01,u,kv,uk,1,kyky
01,u,ll,ih,0,hilu
01,u,p*,pih,0,hippu
01,u,p*,pmel,0,lemppu
01,u,pm,muk,0,kumpu
01,u,td,e,0,etu
02,o,mm,oih,0,hiomo
02,u,ss,talli,0,illatsu
03,o,,ipak,0,kapio
03,o,,iva,0,avio
04,o,k*,kile,0,elikko
05,i,cc,anamra,0,armanaci
05,i,dd,el,1,ledi
05,i,dd,rofereh,0,herefordi
05,i,ff,fooualp,0,playooffi
05,i,ff,log,0,golfi
05,i,gg,at,0,tagi
05,i,gg,nilsiuq,0,quislingi
05,i,gg,nirotcaf,0,factoringi
05,i,gg,nisihcnarf,0,franchisingi
05,i,gg,niws,1,swingi
05,i,k*,al,0,laki
05,i,k*,kabdeef,0,feedbakki
05,i,k*,kabualp,0,playbakki
05,i,k*,kaet,0,teakki
05,i,k*,kah,1,häkki
05,i,k*,kamhcsrov,0,vorschmakki
05,i,k*,kesrap,0,parsekki
05,i,k*,ketiah,0,haitekki
05,i,k*,kiborea,0,aerobikki
05,i,k*,kitspals,0,slapstikki
05,i,k*,klof,0,folkki
05,i,k*,koma,0,amokki
05,i,k*,kow,0,wokki
05,i,k*,kramelet,0,telemarkki
05,i,k*,tiirksnas,0,sanskriitti
05,i,kg,nipmac,0,campinki
05,i,kg,nipmud,0,dumpinki
05,i,kg,niretac,0,caterinki
05,i,kg,nisael,0,leasinki
05,i,kg,nitar,0,ratinki
05,i,kg,nitrak,0,kartinki
05,i,kg,nittep,1,pettinki
05,i,kg,nok,0,konki
05,i,kg,not,0,tonki
05,i,kk,wahamot,0,tomahawki
05,i,ll,airt,0,triali
05,i,ll,iatkcoc,0,cocktaili
05,i,ll,la,0,alli
05,i,mm,alsi,0,islami
05,i,mm,awgiw,0,wigwami
05,i,mm,uileh,0,heliumi
05,i,mm,uimso,0,osmiumi
05,i,mm,uiretued,0,deuteriumi
05,i,mm,uitnorts,0,strontiumi
05,i,nn,amtnuts,0,stuntmani
05,i,nn,edee,1,eedeni
05,i,nn,ez,1,zeni
05,i,nn,iunip,0,pinuini
05,i,nn,ogra,0,argoni
05,i,nn,otpurk,0,kryptoni
05,i,nn,rocpop,0,popcorni
05,i,p*,pacidnah,0,handicappi
05,i,p*,par,0,rappi
05,i,p*,petskciuq,0,quicksteppi
05,i,p*,pla,0,alppi
05,i,p*,pobeb,0,beboppi
05,i,p*,pohs,0,shoppi
05,i,p*,pohskrow,0,workshoppi
05,i,p*,pop,0,poppi
05,i,p*,pots,0,stoppi
05,i,p*,potsnon,0,nonstoppi
05,i,p*,puhctek,0,ketchuppi
05,i,pp,uc,0,cupi
05,i,pv,uh,0,hupi
05,i,rr,aap,0,paari
05,i,rr,addehc,0,cheddari
05,i,rr,eveneg,1,geneveri
05,i,rr,iahom,0,mohairi
05,i,ss,akaram,0,marakasi
05,i,ss,dia,0,aidsi
05,i,ss,eulb,0,bluesi
05,i,ss,kineef,1,feeniksi
05,i,ss,knab,1,bänksi
05,i,ss,naakirfa,0,afrikaansi
05,i,ss,siewlede,1,edelweissi
05,i,ss,sorcillar,0,rallicrossi
05,i,ss,sruser,0,resurssi
05,i,t*,esnip,1,pinseti
05,i,t*,taeb,0,beatti
05,i,t*,taochcnert,0,trenchcoatti
05,i,t*,tebed,1,debetti
05,i,t*,tebiit,1,tiibetti
05,i,t*,teeks,1,skeetti
05,i,t*,tenartske,0,ekstranetti
05,i,t*,teppihw,1,whippetti
05,i,t*,tesffo,0,offsetti
05,i,t*,tessenk,1,knessetti
05,i,t*,tib,1,bitti
05,i,t*,tnassiorc,0,croissantti
05,i,t*,tnemeganam,0,managementti
05,i,t*,tnemhsilbatse,0,establishmentti
05,i,t*,torat,0,tarotti
05,i,t*,trebmemac,0,camembertti
05,i,t*,trofeuqor,0,roquefortti
05,i,t*,tuonrub,0,burnoutti
05,i,t*,tuoual,0,layoutti
05,i,t*,tupni,0,inputti
05,i,t*,tuptuo,0,outputti
05,i,td,ha,0,ahti
05,i,td,hip,1,pihti
05,i,tl,lep,1,pelti
05,i,tn,nera,0,arenti
05,i,vv,ier,1,reivi
06,i,mm,ota,0,atomi
06,i,nn,onaak,0,kaanoni
06,i,p*,pullag,0,galluppi
06,i,rr,aga,0,agari
06,i,rr,ebew,1,weberi
06,i,t*,ottuut,0,tuuttori
07,i,k*,ih,1,hiki
07,i,k*,kiak,0,kaikki
07,i,kg,nak,0,kanki
07,i,kg,nal,1,länki
07,i,kj,ra,0,arki
07,i,p*,pa,0,appi
07,i,pm,mi,1,impi
07,i,pv,la,0,alpi
07,i,ss,kas,0,saksi
07,i,td,haah,0,haahti
07,i,vv,o,0,ovi
08,e,k*,kun,0,nukke
08,e,nn,ab,1,bäne
08,e,p*,pej,1,jeppe
08,e,t*,teruob,0,bourette
08,e,tt,ub,1,byte
09,a,k*,il,0,lika
09,a,k*,kna,0,ankka
09,a,k*,knem,0,menkka
09,a,kg,nej,0,jenka
09,a,kk,e,0,eka
09,a,ll,is,0,sila
09,a,p*,pih,0,hippa
09,a,pm,mak,0,kampa
09,a,pv,aa,0,aapa
09,a,t*,tia,0,aitta
09,a,td,ia,0,aita
09,a,tl,lek,0,kelta
09,a,tn,nih,0,hinta
09,a,tr,rem,0,merta
10,a,,ob,0,boa
10,a,k*,i,1,ikä
10,a,k*,kof,0,fokka
10,a,kg,noh,0,honka
10,a,kj,lu,1,ylkä
10,a,p*,pah,1,häppä
10,a,pm,mok,0,kompa
10,a,pv,uh,0,hupa
10,a,ss,kedhu,1,yhdeksä
10,a,t*,tol,0,lotta
10,a,td,i,1,itä
10,a,tl,lum,0,multa
10,a,tn,nuk,0,kunta
10,a,tr,rut,0,turta
11,a,rr,ati,0,itara
12,a,,eru,0,urea
12,a,ll,uta,0,atula
13,a,nn,ula,0,aluna
13,a,vv,iitka,0,aktiiva
14,a,k*,istnir,0,rintsika
14,a,k*,karu,0,urakka
14,a,p*,palu,0,ulappa
14,a,t*,tahop,0,pohatta
15,a,,epu,0,upea
16,i,pm,melom,0,molempi
16,i,pm,muk,0,kumpi
17,oo,kk,lat,0,talkoo
17,uu,rr,ek,0,keruu
18,aa,,h,1,hää
18,aa,,j,1,jää
19,ou,,s,0,suo
20,ee,kk,ub,0,bukee
20,ee,ll,ib,1,bilee
21,u,,ag,0,gay
23,i,hh,ol,0,lohi
24,i,nn,u,0,uni
25,ei,,l,1,liemi
26,i,rr,ev,1,veri
27,e,,m,1,mesi
28,la,tl,,1,jälsi
28,na,,k,0,kansi
29,a,,l,0,lapsi
30,ie,,p,1,peitsi
31,u,,,1,yksi
32,ne,k*,i,1,ien
32,ne,mm,aa,0,aamen
32,ra,t*,tut,1,tytär
33,i,k*,up,0,puin
33,i,kj,lop,0,poljin
33,i,pv,aar,0,raavin
33,i,t*,tesa,0,asetin
33,i,t*,toskoh,0,hoksotin
33,i,td,hoh,0,hohdin
33,i,td,u,1,ydin
33,i,tl,lahup,0,puhallin
33,i,tn,nak,0,kannin
33,i,tr,rava,0,avarrin
33,i,tt,sa,0,astin
33,ia,ll,ouk,0,kuolain
34,a,p*,pah,0,hapan
34,o,t*,tai,1,iätön
34,o,tt,sala,0,alaston
35,i,pm,mal,1,lämmin
36,i,ll,a,0,alin
37,e,ss,av,0,vasen
38,i,,o,1,öinen
38,ia,ll,nunim,0,minunlainen
39,o,jj,a,0,ajos
40,uu,tt,e,0,etuus
41,a,k*,kar,0,rakas
41,a,k*,kit,0,tikas
41,a,kg,nak,0,kangas
41,a,nn,nul,0,lunnas
41,a,p*,pil,0,lipas
41,a,pm,mah,0,hammas
41,a,pv,ah,0,havas
41,a,rr,o,0,oras
41,a,t*,ttar,0,rattas
41,a,td,ha,0,ahdas
41,a,tl,la,0,allas
41,a,tl,lam,0,mallas
41,a,tn,nik,0,kinnas
41,a,tr,rah,0,harras
41,e,k*,a,1,äes
41,i,t*,tla,0,altis
42,ei,,m,1,mies
43,u,hh,o,0,ohut
43,u,pm,mi,1,immyt
44,a,vv,ek,1,kevät
45,a,dd,as,0,sadas
46,a,hh,ut,0,tuhat
47,u,nn,nem,1,mennyt
48,e,jj,la,0,alje
48,e,k*,ia,0,aie
48,e,k*,kah,0,hake
48,e,kj,har,0,rahje
48,e,kj,luh,1,hylje
48,e,nn,a,0,ane
48,e,p*,pa,0,ape
48,e,p*,ppmak,0,kamppe
48,e,pm,mul,0,lumme
48,e,pv,uk,0,kuve
48,e,t*,teh,1,hete
48,e,td,ha,0,ahde
48,e,td,ual,0,laude
48,e,tl,lemi,1,imelle
48,e,tn,nal,0,lanne
48,e,tr,rum,0,murre
49,la,pv,iat,0,taival
49,le,pm,mo,0,ommel
49,ne,k*,as,1,säen
49,ra,mm,huh,0,huhmar
49,ra,td,u,0,udar
49,re,kg,nep,1,penger
49,re,tn,nik,1,kinner
